// Jest Snapshot v1, https://goo.gl/fbAQLP

exports[`graphql-stats writes a file 1`] = `"{\\"typeCount\\":28,\\"src\\":\\"./testSrc\\",\\"srcFiles\\":[{\\"name\\":\\"foo\\",\\"content\\":\\"const foo = \\\\\\"foo\\\\\\";\\\\n\\"}]}"`;
